Release 14.7 - xst P.20131013 (nt64)
Copyright (c) 1995-2013 Xilinx, Inc.  All rights reserved.
--> Parameter TMPDIR set to xst/projnav.tmp


Total REAL time to Xst completion: 1.00 secs
Total CPU time to Xst completion: 0.19 secs
 
--> Parameter xsthdpdir set to xst


Total REAL time to Xst completion: 1.00 secs
Total CPU time to Xst completion: 0.19 secs
 
--> Reading design: key_perm.prj

TABLE OF CONTENTS
  1) Synthesis Options Summary
  2) HDL Parsing
  3) HDL Elaboration
  4) HDL Synthesis
       4.1) HDL Synthesis Report
  5) Advanced HDL Synthesis
       5.1) Advanced HDL Synthesis Report
  6) Low Level Synthesis
  7) Partition Report
  8) Design Summary
       8.1) Primitive and Black Box Usage
       8.2) Device utilization summary
       8.3) Partition Resource Summary
       8.4) Timing Report
            8.4.1) Clock Information
            8.4.2) Asynchronous Control Signals Information
            8.4.3) Timing Summary
            8.4.4) Timing Details
            8.4.5) Cross Clock Domains Report


=========================================================================
*                      Synthesis Options Summary                        *
=========================================================================
---- Source Parameters
Input File Name                    : "key_perm.prj"
Ignore Synthesis Constraint File   : NO

---- Target Parameters
Output File Name                   : "key_perm"
Output Format                      : NGC
Target Device                      : xc6slx16-2-csg324

---- Source Options
Top Module Name                    : key_perm
Automatic FSM Extraction           : YES
FSM Encoding Algorithm             : Auto
Safe Implementation                : No
FSM Style                          : LUT
RAM Extraction                     : Yes
RAM Style                          : Auto
ROM Extraction                     : Yes
Shift Register Extraction          : YES
ROM Style                          : Auto
Resource Sharing                   : YES
Asynchronous To Synchronous        : NO
Shift Register Minimum Size        : 2
Use DSP Block                      : Auto
Automatic Register Balancing       : No

---- Target Options
LUT Combining                      : Auto
Reduce Control Sets                : Auto
Add IO Buffers                     : YES
Global Maximum Fanout              : 100000
Add Generic Clock Buffer(BUFG)     : 16
Register Duplication               : YES
Optimize Instantiated Primitives   : NO
Use Clock Enable                   : Auto
Use Synchronous Set                : Auto
Use Synchronous Reset              : Auto
Pack IO Registers into IOBs        : Auto
Equivalent register Removal        : YES

---- General Options
Optimization Goal                  : Speed
Optimization Effort                : 1
Power Reduction                    : NO
Keep Hierarchy                     : No
Netlist Hierarchy                  : As_Optimized
RTL Output                         : Yes
Global Optimization                : AllClockNets
Read Cores                         : YES
Write Timing Constraints           : NO
Cross Clock Analysis               : NO
Hierarchy Separator                : /
Bus Delimiter                      : <>
Case Specifier                     : Maintain
Slice Utilization Ratio            : 100
BRAM Utilization Ratio             : 100
DSP48 Utilization Ratio            : 100
Auto BRAM Packing                  : NO
Slice Utilization Ratio Delta      : 5

=========================================================================


=========================================================================
*                          HDL Parsing                                  *
=========================================================================
Parsing VHDL file "C:\Users\Lucas Futch\Documents\sparx_vhdl\sparx\A_function.vhd" into library work
Parsing entity <A_function>.
Parsing architecture <Behavioral> of entity <a_function>.
Parsing VHDL file "C:\Users\Lucas Futch\Documents\sparx_vhdl\sparx\key_perm.vhd" into library work
Parsing entity <key_perm>.
Parsing architecture <Behavioral> of entity <key_perm>.

=========================================================================
*                            HDL Elaboration                            *
=========================================================================

Elaborating entity <key_perm> (architecture <Behavioral>) from library <work>.

Elaborating entity <A_function> (architecture <Behavioral>) from library <work>.

=========================================================================
*                           HDL Synthesis                               *
=========================================================================

Synthesizing Unit <key_perm>.
    Related source file is "C:\Users\Lucas Futch\Documents\sparx_vhdl\sparx\key_perm.vhd".
WARNING:Xst:647 - Input <key_in<79:79>> is never used. This port will be preserved and left unconnected if it belongs to a top-level block or it belongs to a sub-block and the hierarchy of this sub-block is preserved.
    Found 16-bit adder for signal <key_out<127:112>> created at line 58.
    Found 16-bit adder for signal <n0089> created at line 59.
    Found 16-bit adder for signal <key_out<111:96>> created at line 59.
    Found 16-bit adder for signal <key_out<63:48>> created at line 62.
    Found 16-bit adder for signal <key_out<47:32>> created at line 63.
    Summary:
	inferred   5 Adder/Subtractor(s).
Unit <key_perm> synthesized.

Synthesizing Unit <A_function>.
    Related source file is "C:\Users\Lucas Futch\Documents\sparx_vhdl\sparx\A_function.vhd".
    Found 16-bit adder for signal <left_mid> created at line 45.
    Summary:
	inferred   1 Adder/Subtractor(s).
Unit <A_function> synthesized.

=========================================================================
HDL Synthesis Report

Macro Statistics
# Adders/Subtractors                                   : 7
 16-bit adder                                          : 7
# Xors                                                 : 2
 16-bit xor2                                           : 2

=========================================================================

=========================================================================
*                       Advanced HDL Synthesis                          *
=========================================================================


=========================================================================
Advanced HDL Synthesis Report

Macro Statistics
# Adders/Subtractors                                   : 7
 16-bit adder                                          : 7
# Xors                                                 : 2
 16-bit xor2                                           : 2

=========================================================================

=========================================================================
*                         Low Level Synthesis                           *
=========================================================================

Optimizing unit <key_perm> ...

Mapping all equations...
Building and optimizing final netlist ...
Found area constraint ratio of 100 (+ 5) on block key_perm, actual ratio is 1.

Final Macro Processing ...

=========================================================================
Final Register Report

Found no macro
=========================================================================

=========================================================================
*                           Partition Report                            *
=========================================================================

Partition Implementation Status
-------------------------------

  No Partitions were found in this design.

-------------------------------

=========================================================================
*                            Design Summary                             *
=========================================================================

Top Level Output File Name         : key_perm.ngc

Primitive and Black Box Usage:
------------------------------
# BELS                             : 331
#      GND                         : 1
#      LUT2                        : 108
#      LUT3                        : 30
#      LUT4                        : 6
#      MUXCY                       : 90
#      XORCY                       : 96
# IO Buffers                       : 260
#      IBUF                        : 132
#      OBUF                        : 128

Device utilization summary:
---------------------------

Selected Device : 6slx16csg324-2 


Slice Logic Utilization: 
 Number of Slice LUTs:                  144  out of   9112     1%  
    Number used as Logic:               144  out of   9112     1%  

Slice Logic Distribution: 
 Number of LUT Flip Flop pairs used:    144
   Number with an unused Flip Flop:     144  out of    144   100%  
   Number with an unused LUT:             0  out of    144     0%  
   Number of fully used LUT-FF pairs:     0  out of    144     0%  
   Number of unique control sets:         0

IO Utilization: 
 Number of IOs:                         261
 Number of bonded IOBs:                 260  out of    232   112% (*) 

Specific Feature Utilization:

WARNING:Xst:1336 -  (*) More than 100% of Device resources are used

---------------------------
Partition Resource Summary:
---------------------------

  No Partitions were found in this design.

---------------------------


=========================================================================
Timing Report

NOTE: THESE TIMING NUMBERS ARE ONLY A SYNTHESIS ESTIMATE.
      FOR ACCURATE TIMING INFORMATION PLEASE REFER TO THE TRACE REPORT
      GENERATED AFTER PLACE-and-ROUTE.

Clock Information:
------------------
No clock signals found in this design

Asynchronous Control Signals Information:
----------------------------------------
No asynchronous control signals found in this design

Timing Summary:
---------------
Speed Grade: -2

   Minimum period: No path found
   Minimum input arrival time before clock: No path found
   Maximum output required time after clock: No path found
   Maximum combinational path delay: 10.267ns

Timing Details:
---------------
All values displayed in nanoseconds (ns)

=========================================================================
Timing constraint: Default path analysis
  Total number of paths / destination ports: 19763 / 128
-------------------------------------------------------------------------
Delay:               10.267ns (Levels of Logic = 22)
  Source:            key_in<55> (PAD)
  Destination:       key_out<111> (PAD)

  Data Path: key_in<55> to key_out<111>
                                Gate     Net
    Cell:in->out      fanout   Delay   Delay  Logical Name (Net Name)
    ----------------------------------------  ------------
     IBUF:I->O             1   1.328   0.790  key_in_55_IBUF (key_in_55_IBUF)
     LUT2:I0->O            1   0.250   0.000  A_2/Madd_left_mid_lut<0> (A_2/Madd_left_mid_lut<0>)
     MUXCY:S->O            1   0.215   0.000  A_2/Madd_left_mid_cy<0> (A_2/Madd_left_mid_cy<0>)
     MUXCY:CI->O           1   0.023   0.000  A_2/Madd_left_mid_cy<1> (A_2/Madd_left_mid_cy<1>)
     MUXCY:CI->O           1   0.023   0.000  A_2/Madd_left_mid_cy<2> (A_2/Madd_left_mid_cy<2>)
     MUXCY:CI->O           1   0.023   0.000  A_2/Madd_left_mid_cy<3> (A_2/Madd_left_mid_cy<3>)
     XORCY:CI->O           3   0.206   0.766  A_2/Madd_left_mid_xor<4> (key_out_20_OBUF)
     LUT2:I1->O            3   0.254   0.994  A_2/Mxor_right_out_4_xo<0>1 (key_out_4_OBUF)
     LUT3:I0->O            1   0.235   0.682  Madd_key_out<111:96>4 (Madd_key_out<111:96>4)
     LUT3:I2->O            1   0.254   0.000  Madd_key_out<111:96>_lut<0>5 (Madd_key_out<111:96>_lut<0>5)
     MUXCY:S->O            1   0.215   0.000  Madd_key_out<111:96>_cy<0>_4 (Madd_key_out<111:96>_cy<0>5)
     MUXCY:CI->O           1   0.023   0.000  Madd_key_out<111:96>_cy<0>_5 (Madd_key_out<111:96>_cy<0>6)
     MUXCY:CI->O           1   0.023   0.000  Madd_key_out<111:96>_cy<0>_6 (Madd_key_out<111:96>_cy<0>7)
     MUXCY:CI->O           1   0.023   0.000  Madd_key_out<111:96>_cy<0>_7 (Madd_key_out<111:96>_cy<0>8)
     MUXCY:CI->O           1   0.023   0.000  Madd_key_out<111:96>_cy<0>_8 (Madd_key_out<111:96>_cy<0>9)
     MUXCY:CI->O           1   0.023   0.000  Madd_key_out<111:96>_cy<0>_9 (Madd_key_out<111:96>_cy<0>10)
     MUXCY:CI->O           1   0.023   0.000  Madd_key_out<111:96>_cy<0>_10 (Madd_key_out<111:96>_cy<0>11)
     MUXCY:CI->O           1   0.023   0.000  Madd_key_out<111:96>_cy<0>_11 (Madd_key_out<111:96>_cy<0>12)
     MUXCY:CI->O           1   0.023   0.000  Madd_key_out<111:96>_cy<0>_12 (Madd_key_out<111:96>_cy<0>13)
     MUXCY:CI->O           0   0.023   0.000  Madd_key_out<111:96>_cy<0>_13 (Madd_key_out<111:96>_cy<0>14)
     XORCY:CI->O           1   0.206   0.681  Madd_key_out<111:96>_xor<0>_14 (key_out_111_OBUF)
     OBUF:I->O                 2.912          key_out_111_OBUF (key_out<111>)
    ----------------------------------------
    Total                     10.267ns (6.354ns logic, 3.913ns route)
                                       (61.9% logic, 38.1% route)

=========================================================================

Cross Clock Domains Report:
--------------------------

=========================================================================


Total REAL time to Xst completion: 8.00 secs
Total CPU time to Xst completion: 7.31 secs
 
--> 

Total memory usage is 278748 kilobytes

Number of errors   :    0 (   0 filtered)
Number of warnings :    2 (   0 filtered)
Number of infos    :    0 (   0 filtered)

